// Jest Snapshot v1, https://goo.gl/fbAQLP

exports[`Repository renders correctly 1`] = `
<Fragment>
  <div
    className="pinned-repo-wrapper"
  >
    <div
      className="pinned-repo"
    >
      <h3 />
      <p />
      <ul
        className="stats"
      >
        <li>
          <span
            className="icon"
          >
            ðŸ”µ
          </span>
          <span />
        </li>
        <li>
          <span
            className="icon"
          />
          <span>
            Updated 
            NaN
             days ago
          </span>
        </li>
        <li>
          <span
            className="icon"
          />
          <span>
            <a
              rel="noopener noreferrer"
              target="_blank"
            >
              Go to repo
            </a>
          </span>
        </li>
      </ul>
    </div>
  </div>
</Fragment>
`;
